missing    families::estimate_external_family_and_links::firth_accepted_for_binomial_loglog_and_cauchit_2158
passed     families::estimate_external_family_and_links::heuristic_lambdas_are_used_as_initial_rho_for_reml
passed     families::flexible_link_linkwiggle_joint_solve_aborts::flexible_link_linkwiggle_parametric_mean_engages_or_fails_loud
passed     families::flexible_link_linkwiggle_joint_solve_aborts::flexible_link_linkwiggle_smooth_mean_engages_or_fails_loud
timeout    families::gamma_dispersion_location_scale_predictable_1119::negbin_dispersion_location_scale_assembles_covariance_and_is_predictable
passed     families::multinomial_blocks_collapse_to_zero_width::multinomial_three_class_fit_keeps_all_blocks_full_width
passed     families::small_n_gaussian_double_penalty_terminates::wine_shaped_double_penalty_fit_converges_promptly
passed     misc::cli_ffi_fit_parity_1196::cli_and_ffi_standard_fit_paths_are_identical_by_construction
passed     misc::linear_box_constraint_violated_by_internal_scaling::linear_box_constraint_holds_on_reported_scale
passed     misc::monotone_shape_binding_constraint::monotone_increasing_shape_binds_on_non_monotone_data
passed     misc::regression_decoder_incoherence_majorizer_is_psd_gauss_newton::majorizer_equals_exact_hvp_minus_residual_term
passed     misc::shape_constrained_alo_seed_validation_aborts_1191::shape_constrained_smooths_fit_without_alo_seed_validation_abort
passed     misc::wps_weighted_gram_invariants::penalized_hessian_times_influence_equals_weighted_gram
passed     optimization::beta_regression_reml_nonfinite::beta_regression_fits_clean_monotone_separation_prone
passed     optimization::beta_regression_reml_nonfinite::beta_regression_fits_with_positive_slope
passed     optimization::nonnegative_constraint_kkt_abort_with_free_term::nonnegative_constraint_with_free_term_fits_to_the_constrained_optimum
passed     optimization::nonnegative_constraint_kkt_scale_invariant::nonnegative_constraint_kkt_gate_is_scale_invariant
missing    predict::dispersion_location_scale_generate_predict_variance_agreement::dispersion_location_scale_generate_matches_predict_variance_negbin
failed     sae::latent_sae_gated::efs_ard_fixed_point_recovers_cost_criterion_argmin_and_stays_finite
passed     sae::latent_sae_gated::penalized_quasi_laplace_criterion_has_interior_minimum_in_log_lambda_smooth
failed     sae::latent_sae_gated::penalized_quasi_laplace_criterion_keeps_alpha_finite_on_collapsing_axis
passed     smooths::convex_shape_smooth_parks_in_linear_corner_1654::convex_shape_smooth_does_not_park_in_linear_corner_at_collapsing_k
timeout    smooths::double_penalty_shrinks_irrelevant_covariate_1266::default_double_penalty_shrinks_irrelevant_covariate_edf_below_one
passed     smooths::posterior_sampling_box_coefficient_constraint_1507::posterior_respects_nonnegative_coefficient_bound
passed     smooths::posterior_sampling_box_coefficient_constraint_1507::posterior_respects_two_sided_linear_coefficient_bounds
passed     smooths::shape_constrained_fit_survives_its_own_inference_2601::every_shape_constraint_fits_clean_linear_data_2601
passed     smooths::smooth_extrapolation_axes_whole_class::radial_matern_reverts_to_mean_instead_of_freezing_at_the_boundary
passed     smooths::smooth_term_predict_flat_clamped_outside_training_range::smooth_term_predict_extrapolates_instead_of_flat_clamping_to_training_range
passed     survival::royston_parmar_predict_beyond_support_zero_hazard::royston_parmar_saved_predict_at_grid_top_does_not_fail
timeout    survival::survival_location_scale_penalized_edf_below_ncoef_2106
{"failed": 2, "missing": 2, "passed": 23, "timeout": 3}
