[frame4l] 104 pieces of rank 2 per token (208 matrix slices; VPD L0 180 rank-1)
[frame4l] sequential orthogonal dictionary learning done (40 iterations per matrix)
[frame4l] random Stiefel init: {'kl': 5.98762321472168, 'ce_difference': 5.968236327171326}
[frame4l] step 0: train KL 4.8996 (1s)
[frame4l] step 50: train KL 4.0598 (35s)
[frame4l] step 100: train KL 3.8457 (69s)
[frame4l] step 150: train KL 3.4872 (103s)
[frame4l] step 200: train KL 3.4693 (137s)
[frame4l] step 250: train KL 3.3180 (171s)
[frame4l] step 300: train KL 3.0725 (205s)
[frame4l] step 350: train KL 3.2984 (239s)
[frame4l] step 400: train KL 3.1887 (273s)
[frame4l] step 450: train KL 3.1730 (306s)
[frame4l] step 500: train KL 2.6864 (340s)
[frame4l] step 550: train KL 2.6357 (374s)
[frame4l] step 600: train KL 2.8366 (408s)
[frame4l] step 650: train KL 2.9898 (442s)
[frame4l] step 700: train KL 2.7006 (476s)
[frame4l] step 750: train KL 2.7154 (510s)
[frame4l] step 800: train KL 2.7646 (544s)
[frame4l] step 850: train KL 2.7116 (578s)
[frame4l] step 900: train KL 2.6611 (612s)
[frame4l] step 950: train KL 2.7195 (645s)
[frame4l] step 1000: TEST {'kl': 2.192315459251404, 'ce_difference': 2.1616960763931274}
[frame4l] step 1000: train KL 2.6372 (680s)
[frame4l] step 1050: train KL 2.6828 (714s)
[frame4l] step 1100: train KL 2.5530 (748s)
[frame4l] step 1150: train KL 2.6716 (781s)
[frame4l] step 1200: train KL 2.3445 (815s)
[frame4l] step 1250: train KL 2.3814 (849s)
[frame4l] step 1300: train KL 2.2467 (883s)
[frame4l] step 1350: train KL 2.6526 (917s)
[frame4l] step 1400: train KL 2.5513 (951s)
[frame4l] step 1450: train KL 2.3761 (985s)
[frame4l] step 1500: train KL 2.6458 (1019s)
[frame4l] step 1550: train KL 2.2578 (1052s)
[frame4l] step 1600: train KL 2.3395 (1086s)
[frame4l] step 1650: train KL 2.4097 (1120s)
[frame4l] step 1700: train KL 2.4501 (1154s)
[frame4l] step 1750: train KL 2.6752 (1188s)
[frame4l] step 1800: train KL 2.2471 (1222s)
[frame4l] step 1850: train KL 2.2778 (1256s)
[frame4l] step 1900: train KL 2.1658 (1290s)
[frame4l] step 1950: train KL 2.2488 (1323s)
[frame4l] step 2000: TEST {'kl': 1.9908726811408997, 'ce_difference': 1.9564660787582397}
[frame4l] step 2000: train KL 2.4312 (1358s)
[frame4l] step 2050: train KL 2.3438 (1392s)
[frame4l] step 2100: train KL 2.2944 (1426s)
[frame4l] step 2150: train KL 2.1903 (1459s)
[frame4l] step 2200: train KL 2.1935 (1493s)
[frame4l] step 2250: train KL 2.2796 (1527s)
[frame4l] step 2300: train KL 2.3734 (1561s)
[frame4l] step 2350: train KL 2.2666 (1595s)
[frame4l] step 2400: train KL 2.2355 (1629s)
[frame4l] step 2450: train KL 2.2425 (1663s)
[frame4l] step 2500: train KL 1.8917 (1697s)
[frame4l] step 2550: train KL 2.0919 (1730s)
[frame4l] step 2600: train KL 2.3426 (1764s)
[frame4l] step 2650: train KL 2.1101 (1798s)
[frame4l] step 2700: train KL 2.2190 (1832s)
[frame4l] step 2750: train KL 2.0090 (1866s)
[frame4l] step 2800: train KL 2.0430 (1900s)
[frame4l] step 2850: train KL 2.1139 (1934s)
[frame4l] step 2900: train KL 2.1688 (1968s)
[frame4l] step 2950: train KL 2.1432 (2001s)
[frame4l] step 3000: TEST {'kl': 1.8696717619895935, 'ce_difference': 1.8321434259414673}
[frame4l] step 3000: train KL 2.0793 (2036s)
[frame4l] step 3050: train KL 1.9381 (2070s)
[frame4l] step 3100: train KL 2.4220 (2104s)
[frame4l] step 3150: train KL 2.3622 (2137s)
[frame4l] step 3200: train KL 1.9936 (2171s)
[frame4l] step 3250: train KL 2.4671 (2205s)
[frame4l] step 3300: train KL 2.0659 (2239s)
[frame4l] step 3350: train KL 2.1657 (2273s)
[frame4l] step 3400: train KL 2.0818 (2307s)
[frame4l] step 3450: train KL 2.0338 (2341s)
[frame4l] step 3500: train KL 2.0268 (2375s)
[frame4l] step 3550: train KL 2.1176 (2408s)
[frame4l] step 3600: train KL 2.1315 (2442s)
[frame4l] step 3650: train KL 2.3482 (2476s)
[frame4l] step 3700: train KL 2.2290 (2510s)
[frame4l] step 3750: train KL 1.8026 (2544s)
[frame4l] step 3800: train KL 2.3870 (2578s)
[frame4l] step 3850: train KL 2.0939 (2612s)
[frame4l] step 3900: train KL 2.0624 (2646s)
[frame4l] step 3950: train KL 1.8581 (2679s)
[frame4l] step 4000: TEST {'kl': 1.8083040118217468, 'ce_difference': 1.7751413583755493}
[frame4l] step 4000: train KL 2.3471 (2714s)
[frame4l] step 4050: train KL 2.0176 (2748s)
[frame4l] step 4100: train KL 2.1384 (2782s)
[frame4l] step 4150: train KL 1.9264 (2815s)
[frame4l] step 4200: train KL 2.0684 (2849s)
[frame4l] step 4250: train KL 1.9667 (2883s)
[frame4l] step 4300: train KL 1.9444 (2917s)
[frame4l] step 4350: train KL 2.3067 (2951s)
[frame4l] step 4400: train KL 2.2073 (2985s)
[frame4l] step 4450: train KL 1.8505 (3019s)
[frame4l] step 4500: train KL 2.0989 (3053s)
[frame4l] step 4550: train KL 2.1304 (3086s)
[frame4l] step 4600: train KL 2.2407 (3120s)
[frame4l] step 4650: train KL 1.9840 (3154s)
[frame4l] step 4700: train KL 2.0272 (3188s)
[frame4l] step 4750: train KL 1.9641 (3222s)
[frame4l] step 4800: train KL 2.1217 (3256s)
[frame4l] step 4850: train KL 2.0419 (3290s)
[frame4l] step 4900: train KL 2.0191 (3324s)
[frame4l] step 4950: train KL 2.1218 (3357s)
[frame4l] step 5000: TEST {'kl': 1.7383468747138977, 'ce_difference': 1.7096925973892212}
[frame4l] step 5000: train KL 2.0571 (3392s)
[frame4l] step 5050: train KL 1.9303 (3426s)
[frame4l] step 5100: train KL 1.9964 (3460s)
[frame4l] step 5150: train KL 1.8402 (3493s)
[frame4l] step 5200: train KL 2.0381 (3527s)
[frame4l] step 5250: train KL 2.2861 (3561s)
[frame4l] step 5300: train KL 2.2071 (3595s)
[frame4l] step 5350: train KL 2.0142 (3629s)
[frame4l] step 5400: train KL 2.1297 (3663s)
[frame4l] step 5450: train KL 1.9484 (3697s)
[frame4l] step 5500: train KL 1.9949 (3731s)
[frame4l] step 5550: train KL 1.9212 (3764s)
[frame4l] step 5600: train KL 2.2512 (3798s)
[frame4l] step 5650: train KL 2.0146 (3832s)
[frame4l] step 5700: train KL 2.1923 (3866s)
[frame4l] step 5750: train KL 2.0922 (3900s)
[frame4l] step 5800: train KL 1.9308 (3934s)
[frame4l] step 5850: train KL 1.9611 (3968s)
[frame4l] step 5900: train KL 2.1796 (4002s)
[frame4l] step 5950: train KL 1.9168 (4036s)
[frame4l] step 6000: TEST {'kl': 1.7174234986305237, 'ce_difference': 1.685308814048767}
[frame4l] step 6000: train KL 2.0372 (4070s)
[frame4l] step 6050: train KL 2.1149 (4104s)
[frame4l] step 6100: train KL 2.2663 (4138s)
[frame4l] step 6150: train KL 2.0319 (4172s)
[frame4l] step 6200: train KL 1.9396 (4205s)
[frame4l] step 6250: train KL 2.0299 (4239s)
[frame4l] step 6300: train KL 1.8411 (4273s)
[frame4l] step 6350: train KL 2.2762 (4307s)
[frame4l] step 6400: train KL 1.9889 (4341s)
[frame4l] step 6450: train KL 1.9235 (4375s)
[frame4l] step 6500: train KL 1.8488 (4409s)
[frame4l] step 6550: train KL 2.1551 (4443s)
[frame4l] step 6600: train KL 2.0306 (4476s)
[frame4l] step 6650: train KL 2.2470 (4510s)
[frame4l] step 6700: train KL 2.0279 (4544s)
[frame4l] step 6750: train KL 2.1558 (4578s)
[frame4l] step 6800: train KL 1.8762 (4612s)
[frame4l] step 6850: train KL 1.9229 (4646s)
[frame4l] step 6900: train KL 1.8183 (4680s)
[frame4l] step 6950: train KL 2.1246 (4714s)
[frame4l] step 7000: TEST {'kl': 1.7029602527618408, 'ce_difference': 1.6730364561080933}
[frame4l] step 7000: train KL 2.0449 (4748s)
[frame4l] step 7050: train KL 1.9392 (4782s)
[frame4l] step 7100: train KL 2.0912 (4816s)
[frame4l] step 7150: train KL 1.9840 (4850s)
[frame4l] step 7200: train KL 1.8280 (4883s)
[frame4l] step 7250: train KL 1.9832 (4917s)
[frame4l] step 7300: train KL 2.0256 (4951s)
[frame4l] step 7350: train KL 2.0617 (4985s)
[frame4l] step 7400: train KL 1.9374 (5019s)
[frame4l] step 7450: train KL 1.8733 (5053s)
[frame4l] step 7500: train KL 2.1817 (5087s)
[frame4l] step 7550: train KL 1.8998 (5121s)
[frame4l] step 7600: train KL 1.9964 (5154s)
[frame4l] step 7650: train KL 1.8826 (5188s)
[frame4l] step 7700: train KL 1.9667 (5222s)
[frame4l] step 7750: train KL 2.1808 (5256s)
[frame4l] step 7800: train KL 1.6328 (5290s)
[frame4l] step 7850: train KL 1.8861 (5324s)
[frame4l] step 7900: train KL 1.8227 (5358s)
[frame4l] step 7950: train KL 2.1529 (5392s)
[frame4l] step 7999: train KL 1.9605 (5425s)
[frame4l] step 8000: TEST {'kl': 1.6968737244606018, 'ce_difference': 1.664434552192688}
[frame4l] FINAL {'kl': 1.6968737244606018, 'ce_difference': 1.664434552192688} (VPD rounded 0.291, stochastic 0.207); max |X^T X - I| 2.86e-06
[frame4l] PGD-20 (inactive pieces re-added adversarially, shared masks): KL 85.7001 (VPD 0.6045)
[frame4l] wrote results/odlg_scale1_1971760.json
