[frame4l] 1453 pieces of rank 2 per token (2906 matrix slices; VPD L0 180 rank-1)
[frame4l] sequential orthogonal dictionary learning done (40 iterations per matrix)
[frame4l] random Stiefel init: {'kl': 3.559142589569092, 'ce_difference': 3.5463446378707886}
[frame4l] step 0: train KL 2.7736 (1s)
[frame4l] step 50: train KL 2.3024 (35s)
[frame4l] step 100: train KL 2.0623 (69s)
[frame4l] step 150: train KL 1.9010 (103s)
[frame4l] step 200: train KL 1.8289 (137s)
[frame4l] step 250: train KL 1.6466 (171s)
[frame4l] step 300: train KL 1.6967 (205s)
[frame4l] step 350: train KL 1.5192 (239s)
[frame4l] step 400: train KL 1.6016 (273s)
[frame4l] step 450: train KL 1.4751 (307s)
[frame4l] step 500: train KL 1.4337 (341s)
[frame4l] step 550: train KL 1.3579 (375s)
[frame4l] step 600: train KL 1.4356 (409s)
[frame4l] step 650: train KL 1.3722 (443s)
[frame4l] step 700: train KL 1.3121 (477s)
[frame4l] step 750: train KL 1.3435 (511s)
[frame4l] step 800: train KL 1.3500 (545s)
[frame4l] step 850: train KL 1.2383 (579s)
[frame4l] step 900: train KL 1.2321 (613s)
[frame4l] step 950: train KL 1.2919 (647s)
[frame4l] step 1000: TEST {'kl': 1.1154720783233643, 'ce_difference': 1.0795599222183228}
[frame4l] step 1000: train KL 1.2845 (682s)
[frame4l] step 1050: train KL 1.1299 (716s)
[frame4l] step 1100: train KL 1.1456 (750s)
[frame4l] step 1150: train KL 1.3169 (783s)
[frame4l] step 1200: train KL 1.1834 (817s)
[frame4l] step 1250: train KL 1.1396 (851s)
[frame4l] step 1300: train KL 1.1550 (885s)
[frame4l] step 1350: train KL 1.2033 (919s)
[frame4l] step 1400: train KL 1.2686 (953s)
[frame4l] step 1450: train KL 1.1481 (987s)
[frame4l] step 1500: train KL 1.0791 (1021s)
[frame4l] step 1550: train KL 1.0769 (1055s)
[frame4l] step 1600: train KL 1.1392 (1089s)
[frame4l] step 1650: train KL 1.1563 (1123s)
[frame4l] step 1700: train KL 1.1594 (1157s)
[frame4l] step 1750: train KL 1.0972 (1191s)
[frame4l] step 1800: train KL 1.0108 (1225s)
[frame4l] step 1850: train KL 1.0677 (1259s)
[frame4l] step 1900: train KL 1.0328 (1293s)
[frame4l] step 1950: train KL 1.0037 (1327s)
[frame4l] step 2000: TEST {'kl': 0.9793506264686584, 'ce_difference': 0.9436131715774536}
[frame4l] step 2000: train KL 1.1361 (1361s)
[frame4l] step 2050: train KL 1.0657 (1395s)
[frame4l] step 2100: train KL 1.0646 (1429s)
[frame4l] step 2150: train KL 1.0915 (1463s)
[frame4l] step 2200: train KL 1.0735 (1497s)
[frame4l] step 2250: train KL 1.0316 (1531s)
[frame4l] step 2300: train KL 1.1591 (1565s)
[frame4l] step 2350: train KL 1.0747 (1599s)
[frame4l] step 2400: train KL 0.9148 (1633s)
[frame4l] step 2450: train KL 1.0460 (1666s)
[frame4l] step 2500: train KL 0.9190 (1700s)
[frame4l] step 2550: train KL 0.9675 (1734s)
[frame4l] step 2600: train KL 1.0291 (1768s)
[frame4l] step 2650: train KL 0.9301 (1802s)
[frame4l] step 2700: train KL 1.0184 (1836s)
[frame4l] step 2750: train KL 0.9676 (1870s)
[frame4l] step 2800: train KL 0.9405 (1904s)
[frame4l] step 2850: train KL 0.9510 (1938s)
[frame4l] step 2900: train KL 0.9532 (1972s)
[frame4l] step 2950: train KL 0.9585 (2006s)
[frame4l] step 3000: TEST {'kl': 0.8898500502109528, 'ce_difference': 0.8548456430435181}
[frame4l] step 3000: train KL 0.9592 (2040s)
[frame4l] step 3050: train KL 0.9421 (2074s)
[frame4l] step 3100: train KL 1.0625 (2108s)
[frame4l] step 3150: train KL 0.9993 (2142s)
[frame4l] step 3200: train KL 0.9186 (2176s)
[frame4l] step 3250: train KL 1.1027 (2210s)
[frame4l] step 3300: train KL 0.9644 (2244s)
[frame4l] step 3350: train KL 0.9622 (2278s)
[frame4l] step 3400: train KL 0.9742 (2312s)
[frame4l] step 3450: train KL 0.9230 (2346s)
[frame4l] step 3500: train KL 0.8768 (2380s)
[frame4l] step 3550: train KL 1.0357 (2414s)
[frame4l] step 3600: train KL 0.9696 (2448s)
[frame4l] step 3650: train KL 1.0724 (2482s)
[frame4l] step 3700: train KL 0.9237 (2516s)
[frame4l] step 3750: train KL 0.8566 (2549s)
[frame4l] step 3800: train KL 0.9577 (2583s)
[frame4l] step 3850: train KL 0.9469 (2617s)
[frame4l] step 3900: train KL 0.8823 (2651s)
[frame4l] step 3950: train KL 0.8664 (2685s)
[frame4l] step 4000: TEST {'kl': 0.8424619138240814, 'ce_difference': 0.81873619556427}
[frame4l] step 4000: train KL 1.0237 (2720s)
[frame4l] step 4050: train KL 0.8618 (2754s)
[frame4l] step 4100: train KL 0.9890 (2788s)
[frame4l] step 4150: train KL 0.9254 (2822s)
[frame4l] step 4200: train KL 0.9813 (2855s)
[frame4l] step 4250: train KL 0.8742 (2889s)
[frame4l] step 4300: train KL 0.8584 (2923s)
[frame4l] step 4350: train KL 0.9521 (2957s)
[frame4l] step 4400: train KL 0.9807 (2991s)
[frame4l] step 4450: train KL 0.8411 (3025s)
[frame4l] step 4500: train KL 0.9878 (3059s)
[frame4l] step 4550: train KL 0.9183 (3093s)
[frame4l] step 4600: train KL 0.9790 (3127s)
[frame4l] step 4650: train KL 0.8554 (3161s)
[frame4l] step 4700: train KL 0.8540 (3195s)
[frame4l] step 4750: train KL 0.8703 (3229s)
[frame4l] step 4800: train KL 0.9140 (3263s)
[frame4l] step 4850: train KL 0.9148 (3297s)
[frame4l] step 4900: train KL 0.8682 (3331s)
[frame4l] step 4950: train KL 0.9435 (3365s)
[frame4l] step 5000: TEST {'kl': 0.8001603484153748, 'ce_difference': 0.765595555305481}
[frame4l] step 5000: train KL 0.8207 (3399s)
[frame4l] step 5050: train KL 0.8429 (3433s)
[frame4l] step 5100: train KL 0.8660 (3467s)
[frame4l] step 5150: train KL 0.8573 (3501s)
[frame4l] step 5200: train KL 0.8501 (3535s)
[frame4l] step 5250: train KL 1.0195 (3569s)
[frame4l] step 5300: train KL 1.0473 (3603s)
[frame4l] step 5350: train KL 0.9258 (3637s)
[frame4l] step 5400: train KL 0.9673 (3671s)
[frame4l] step 5450: train KL 0.8809 (3705s)
[frame4l] step 5500: train KL 0.8668 (3739s)
[frame4l] step 5550: train KL 0.7653 (3773s)
[frame4l] step 5600: train KL 0.8843 (3806s)
[frame4l] step 5650: train KL 0.9662 (3840s)
[frame4l] step 5700: train KL 0.8578 (3874s)
[frame4l] step 5750: train KL 0.8734 (3908s)
[frame4l] step 5800: train KL 0.9486 (3942s)
[frame4l] step 5850: train KL 0.8327 (3976s)
[frame4l] step 5900: train KL 0.8965 (4010s)
[frame4l] step 5950: train KL 0.7986 (4044s)
[frame4l] step 6000: TEST {'kl': 0.7707098424434662, 'ce_difference': 0.7320560216903687}
[frame4l] step 6000: train KL 0.8337 (4079s)
[frame4l] step 6050: train KL 0.9041 (4112s)
[frame4l] step 6100: train KL 0.8187 (4146s)
[frame4l] step 6150: train KL 0.9014 (4180s)
[frame4l] step 6200: train KL 0.9319 (4214s)
[frame4l] step 6250: train KL 0.8503 (4248s)
[frame4l] step 6300: train KL 0.7989 (4282s)
[frame4l] step 6350: train KL 0.8984 (4316s)
[frame4l] step 6400: train KL 0.8328 (4350s)
[frame4l] step 6450: train KL 0.8665 (4384s)
[frame4l] step 6500: train KL 0.7632 (4418s)
[frame4l] step 6550: train KL 0.8950 (4452s)
[frame4l] step 6600: train KL 0.9056 (4486s)
[frame4l] step 6650: train KL 0.8403 (4520s)
[frame4l] step 6700: train KL 0.7793 (4554s)
[frame4l] step 6750: train KL 0.9280 (4588s)
[frame4l] step 6800: train KL 0.8218 (4622s)
[frame4l] step 6850: train KL 0.8686 (4656s)
[frame4l] step 6900: train KL 0.7608 (4690s)
[frame4l] step 6950: train KL 0.8717 (4723s)
[frame4l] step 7000: TEST {'kl': 0.7645884454250336, 'ce_difference': 0.7278668880462646}
[frame4l] step 7000: train KL 0.8811 (4758s)
[frame4l] step 7050: train KL 0.8288 (4792s)
[frame4l] step 7100: train KL 0.8363 (4826s)
[frame4l] step 7150: train KL 0.9093 (4860s)
[frame4l] step 7200: train KL 0.7918 (4894s)
[frame4l] step 7250: train KL 0.9798 (4928s)
[frame4l] step 7300: train KL 0.9251 (4962s)
[frame4l] step 7350: train KL 0.8561 (4996s)
[frame4l] step 7400: train KL 0.8313 (5029s)
[frame4l] step 7450: train KL 0.7935 (5063s)
[frame4l] step 7500: train KL 0.9924 (5097s)
[frame4l] step 7550: train KL 0.8454 (5131s)
[frame4l] step 7600: train KL 0.8944 (5165s)
[frame4l] step 7650: train KL 0.8515 (5199s)
[frame4l] step 7700: train KL 0.8474 (5233s)
[frame4l] step 7750: train KL 0.9614 (5267s)
[frame4l] step 7800: train KL 0.7029 (5301s)
[frame4l] step 7850: train KL 0.8521 (5335s)
[frame4l] step 7900: train KL 0.7623 (5369s)
[frame4l] step 7950: train KL 0.8765 (5403s)
[frame4l] step 7999: train KL 0.8410 (5436s)
[frame4l] step 8000: TEST {'kl': 0.7555452287197113, 'ce_difference': 0.7197601795196533}
[frame4l] FINAL {'kl': 0.7555452287197113, 'ce_difference': 0.7197601795196533} (VPD rounded 0.291, stochastic 0.207); max |X^T X - I| 3.28e-06
[frame4l] PGD-20 (inactive pieces re-added adversarially, shared masks): KL 54.5821 (VPD 0.6045)
[frame4l] wrote results/odlg_scale16_1971762.json
