bench/figures_2951/vpd_cancellation_note_fig.py: OK
bench/results_2951/cuda_core_scaling_20261005/VALIDATION.json: OK
bench/results_2951/cuda_core_scaling_20261005/monitor_benchmark.py: OK
bench/results_2951/native_search_fast_replay_20261005/PAIRED_PREFLIGHT.json: OK
bench/results_2951/native_search_fast_replay_20261005/SHA256.json: OK
bench/results_2951/native_search_fast_replay_20261005/mac-cached-preflight-REPORT.json.gz: OK
bench/results_2951/native_search_fast_replay_20261005/mac-cached-preflight-SETTINGS.json.gz: OK
bench/results_2951/native_search_fast_replay_20261005/mac-uncached-preflight-REPORT.json.gz: OK
bench/results_2951/native_search_fast_replay_20261005/mac-uncached-preflight-SETTINGS.json.gz: OK
bench/results_2951/native_search_fast_replay_20261005/plot_preflight.py: OK
bench/results_2951/native_search_fast_replay_20261005/preflight_speed.pdf: OK
bench/results_2951/native_search_fast_replay_20261005/preflight_speed.png: OK
bench/runpod/rp-run: OK
crates/gam-gpu/src/tensor.rs: OK
crates/gam-gpu/tests/tensor_posterior.rs: OK
crates/gam-mpd/examples/mpd_battery_2951.rs: OK
crates/gam-mpd/examples/mpd_composed_causal_search_2951.rs: OK
crates/gam-mpd/examples/mpd_library_mdl_2951.rs: OK
crates/gam-mpd/examples/mpd_library_readout_2951.rs: OK
crates/gam-mpd/examples/mpd_library_sharing_2951.rs: OK
crates/gam-mpd/examples/mpd_library_step_bench_2951.rs: OK
crates/gam-mpd/examples/mpd_local_capture_bench_2951.rs: OK
crates/gam-mpd/src/device_posterior.rs: OK
crates/gam-mpd/src/device_program.rs: OK
crates/gam-mpd/src/explanation_battery.rs: OK
crates/gam-mpd/src/interchange.rs: OK
crates/gam-mpd/src/interchange_tests.rs: OK
crates/gam-mpd/src/lib.rs: OK
crates/gam-mpd/src/library_mdl.rs: OK
crates/gam-mpd/src/library_mixture.rs: OK
crates/gam-mpd/src/library_readout.rs: OK
crates/gam-mpd/src/library_sharing.rs: OK
crates/gam-mpd/src/native_local_supervision.rs: OK
crates/gam-mpd/src/native_local_supervision_device.rs: OK
crates/gam-mpd/src/test_support.rs: OK
